[ewebotwp.com/home-agency/index.html]
[backblue.gif]
[fade.gif]
[index.html]
[ewebotwp.com/wp-content/plugins/woocommerce-ajax-filters/berocket/assets/css/font-awesome.min9b30.css]
[ewebotwp.com/wp-content/plugins/woocommerce-ajax-filters/assets/frontend/css/fullmain.mine440.css]
[ewebotwp.com/feed/index.html]
[ewebotwp.com/wp-content/plugins/elementor/assets/css/frontend-legacy.minafc7.css]
[ewebotwp.com/comments/feed/index.html]
[ewebotwp.com/wp-content/plugins/elementor/assets/css/frontend.minafc7.css]
[ewebotwp.com/wp-content/uploads/elementor/css/post-12649f93a.css]
[ewebotwp.com/wp-content/plugins/wpda-builder-pro/dist/css/frontend/mega-menu-frontendd538.css]
[ewebotwp.com/wp-content/uploads/elementor/css/post-9684efcb.css]
[ewebotwp.com/wp-content/uploads/elementor/css/post-9676e37b.css]
[ewebotwp.com/wp-content/uploads/elementor/css/post-12655e37b.css]
[ewebotwp.com/wp-content/plugins/wpda-builder-pro/dist/css/frontend/frontendd538.css]
[ewebotwp.com/wp-content/uploads/gt3-assets/css/header-p_12642ebee.css]
[ewebotwp.com/wp-includes/css/dist/block-library/style.min9b30.css]
[ewebotwp.com/wp-content/plugins/woocommerce/packages/woocommerce-blocks/build/wc-blocks-vendors-style71f0.css]
[ewebotwp.com/wp-content/plugins/woocommerce/packages/woocommerce-blocks/build/wc-all-blocks-style71f0.css]
[ewebotwp.com/wp-content/plugins/yith-woocommerce-wishlist/assets/css/jquery.selectBox7359.css]
[ewebotwp.com/wp-content/plugins/yith-woocommerce-wishlist/assets/css/font-awesome1849.css]
[ewebotwp.com/wp-content/plugins/woocommerce/assets/css/prettyPhoto005e.css]
[ewebotwp.com/wp-content/plugins/yith-woocommerce-wishlist/assets/css/style503b.css]
[ewebotwp.com/wp-content/plugins/contact-form-7/includes/css/stylesf658.css]
[ewebotwp.com/wp-content/plugins/woocommerce/assets/css/woocommerce-layout12c8.css]
[ewebotwp.com/wp-content/plugins/woocommerce/assets/css/woocommerce-smallscreen12c8.css]
[ewebotwp.com/wp-content/plugins/woocommerce/assets/css/woocommerce12c8.css]
[ewebotwp.com/wp-content/plugins/woo-variation-swatches/assets/css/frontend.min20d6.css]
[ewebotwp.com/wp-content/plugins/yith-woocommerce-quick-view/assets/css/yith-quick-view37d4.css]
[ewebotwp.com/wp-content/themes/ewebot-child/img/gt3_stats.png]
[ewebotwp.com/wp-content/themes/ewebot/dist/css/woocommerce9b30.css]
[ewebotwp.com/wp-content/themes/ewebot/dist/css/modern-shop9b30.css]
[ewebotwp.com/wp-content/plugins/elementor/assets/lib/eicons/css/elementor-icons.min192d.css]
[ewebotwp.com/wp-content/plugins/elementor/assets/lib/swiper/css/swiper.min48f5.css]
[ewebotwp.com/wp-content/uploads/elementor/css/post-7849b.css]
[ewebotwp.com/wp-content/plugins/elementor/assets/lib/font-awesome/css/all.minafc7.css]
[ewebotwp.com/wp-content/plugins/elementor/assets/lib/font-awesome/css/v4-shims.minafc7.css]
[ewebotwp.com/wp-content/uploads/elementor/css/post-12642e37b.css]
[ewebotwp.com/wp-content/themes/ewebot/dist/css/theme-font9b30.css]
[ewebotwp.com/wp-content/plugins/elementor/assets/lib/font-awesome/css/fontawesome.min52d5.css]
[ewebotwp.com/wp-content/plugins/elementor/assets/lib/font-awesome/css/brands.min52d5.css]
[ewebotwp.com/wp-includes/js/jquery/jquery.min3088.js]
[ewebotwp.com/wp-includes/js/jquery/jquery-migrate.min5589.js]
[ewebotwp.com/wp-content/plugins/woocommerce/assets/js/jquery-blockui/jquery.blockUI.minf111.js]
[ewebotwp.com/wp-includes/js/underscore.mind584.js]
[ewebotwp.com/wp-includes/js/wp-util.min9b30.js]
[ewebotwp.com/wp-includes/js/api-request.min9b30.js]
[ewebotwp.com/wp-includes/js/dist/vendor/wp-polyfill-inert.min0226.js]
[ewebotwp.com/wp-includes/js/dist/vendor/regenerator-runtime.min8fa4.js]
[ewebotwp.com/wp-includes/js/dist/vendor/wp-polyfill.min2c7c.js]
[ewebotwp.com/wp-includes/js/dist/hooks.min2ebd.js]
[ewebotwp.com/wp-includes/js/dist/i18n.minf92f.js]
[ewebotwp.com/wp-includes/js/dist/url.min3338.js]
[ewebotwp.com/wp-includes/js/dist/api-fetch.min471f.js]
[ewebotwp.com/wp-content/plugins/woo-variation-swatches/assets/js/frontend.min20d6.js]
[ewebotwp.com/wp-content/themes/ewebot/woocommerce/js/easyzoom9b30.js]
[ewebotwp.com/wp-content/plugins/elementor/assets/lib/font-awesome/js/v4-shims.minafc7.js]
[ewebotwp.com/wp-json/wp/v2/pages/12642.json]
[ewebotwp.com/wp-json/index.html]
[ewebotwp.com/xmlrpc0db0.php]
[ewebotwp.com/wp-json/oembed/1.0/embed7a73.json]
[ewebotwp.com/wp-json/oembed/1.0/embed44d0]
[ewebotwp.com/wp-content/uploads/2022/09/favicon.png]
[ewebotwp.com/wp-content/uploads/2023/05/logo-agency.png]
[ewebotwp.com/wp-content/uploads/2021/04/lifetime_icon.png]
[ewebotwp.com/wp-content/uploads/2021/04/elementor_icon.png]
[ewebotwp.com/wp-content/uploads/2021/04/wpdaddy_icon.png]
[ewebotwp.com/wp-content/uploads/2021/06/smart_import_icon.png]
[ewebotwp.com/wp-content/uploads/2021/06/woo_icon_shop.png]
[ewebotwp.com/wp-content/uploads/2021/10/mega-menu.png]
[ewebotwp.com/wp-content/uploads/2021/10/auto-update.png]
[ewebotwp.com/wp-content/uploads/2021/10/multilanguage.png]
[ewebotwp.com/wp-content/uploads/2021/10/theme-options.png]
[ewebotwp.com/wp-content/uploads/2021/10/custom-widgets.png]
[ewebotwp.com/wp-content/uploads/2021/10/responsive-retina.png]
[ewebotwp.com/wp-content/uploads/2021/10/optimization.png]
[ewebotwp.com/wp-content/uploads/2019/08/logo_retina.png]
[ewebotwp.com/wp-content/uploads/2023/05/agency_elipse1.png]
[ewebotwp.com/wp-content/uploads/2023/05/agency-element.png]
[ewebotwp.com/wp-content/uploads/2023/05/agency-lamp.png]
[ewebotwp.com/wp-content/uploads/2023/05/agency_figure.png]
[ewebotwp.com/wp-content/uploads/2023/05/agency_img1.jpg]
[ewebotwp.com/wp-content/uploads/2023/05/agency_img2.jpg]
[ewebotwp.com/wp-content/uploads/2023/05/agency-rocket.png]
[ewebotwp.com/wp-content/uploads/2023/05/agency_img3.jpg]
[ewebotwp.com/wp-content/uploads/2023/05/agency-icon1.png]
[ewebotwp.com/wp-content/uploads/2023/05/agency-icon1-hover.png]
[ewebotwp.com/wp-content/uploads/2023/05/agency-icon2.png]
[ewebotwp.com/wp-content/uploads/2023/05/agency-icon2-hover.png]
[ewebotwp.com/wp-content/uploads/2023/05/agency-icon3.png]
[ewebotwp.com/wp-content/uploads/2023/05/agency-icon3-hover.png]
[ewebotwp.com/wp-content/uploads/2023/02/leads-network.png]
[ewebotwp.com/wp-content/uploads/2023/02/leads-product.png]
[ewebotwp.com/wp-content/uploads/2023/02/leads-vertigo.png]
[ewebotwp.com/wp-content/uploads/2023/02/leads-proline.png]
[ewebotwp.com/wp-content/uploads/2023/02/leads-minty.png]
[ewebotwp.com/wp-content/uploads/2023/05/agency_portfolio1-800x605.jpg]
[ewebotwp.com/wp-content/uploads/2023/05/agency_portfolio2-800x605.jpg]
[ewebotwp.com/wp-content/uploads/2023/05/agency_portfolio3-800x605.jpg]
[ewebotwp.com/wp-content/uploads/2023/05/agancy-girl.png]
[ewebotwp.com/wp-content/uploads/2023/05/agency_img4.jpg]
[ewebotwp.com/wp-content/uploads/2023/05/agency_ideas_bg.png]
[ewebotwp.com/wp-content/uploads/2023/05/agency_img5.jpg]
[ewebotwp.com/wp-content/uploads/2023/05/agency_testimonials_arrow.png]
[ewebotwp.com/wp-content/uploads/2023/05/agency-fly.png]
[ewebotwp.com/wp-content/uploads/2023/05/agency_fly_trajectory.png]
[ewebotwp.com/wp-content/uploads/2023/05/agency_elipse2.png]
[ewebotwp.com/wp-content/uploads/2023/05/logo-agency-footer.png]
[ewebotwp.com/wp-content/uploads/2023/05/agency-bubble.png]
[ewebotwp.com/wp-content/uploads/2023/05/agency-map.png]
[ewebotwp.com/wp-content/plugins/woocommerce/assets/css/photoswipe/photoswipe.min12c8.css]
[ewebotwp.com/wp-content/plugins/woocommerce/assets/css/photoswipe/default-skin/default-skin.min12c8.css]
[ewebotwp.com/wp-content/plugins/elementor/assets/lib/animations/animations.minafc7.css]
[ewebotwp.com/wp-content/uploads/gt3-assets/css/footer-p_12642ebee.css]
[ewebotwp.com/wp-content/plugins/wpda-builder-pro/dist/js/frontend/mega-menu-frontendd538.js]
[ewebotwp.com/wp-content/plugins/wpda-builder-pro/dist/js/frontend/frontendd538.js]
[ewebotwp.com/wp-content/plugins/yith-woocommerce-wishlist/assets/js/jquery.selectBox.min7359.js]
[ewebotwp.com/wp-content/plugins/woocommerce/assets/js/prettyPhoto/jquery.prettyPhoto.min005e.js]
[ewebotwp.com/wp-content/plugins/yith-woocommerce-wishlist/assets/js/jquery.yith-wcwl.min503b.js]
[ewebotwp.com/wp-content/plugins/contact-form-7/includes/swv/js/indexf658.js]
[ewebotwp.com/wp-content/plugins/contact-form-7/includes/js/indexf658.js]
[ewebotwp.com/wp-content/plugins/woocommerce/assets/js/frontend/add-to-cart.min12c8.js]
[ewebotwp.com/wp-content/plugins/woocommerce/assets/js/js-cookie/js.cookie.min956a.js]
[ewebotwp.com/wp-content/plugins/woocommerce/assets/js/frontend/woocommerce.min12c8.js]
[ewebotwp.com/wp-content/plugins/yith-woocommerce-quick-view/assets/js/frontend.min37d4.js]
[ewebotwp.com/wp-includes/js/imagesloaded.mineda1.js]
[ewebotwp.com/wp-includes/js/jquery/ui/core.min3f14.js]
[ewebotwp.com/wp-includes/js/jquery/ui/tabs.min3f14.js]
[ewebotwp.com/wp-includes/js/comment-reply.min9b30.js]
[ewebotwp.com/wp-content/plugins/gt3-themes-core/core/elementor/assets/js/core-gridlist-woo4c56.js]
[ewebotwp.com/wp-content/plugins/mailchimp-for-wp/assets/js/formsd87f.js]
[ewebotwp.com/wp-content/plugins/woocommerce/assets/js/frontend/add-to-cart-variation.min12c8.js]
[ewebotwp.com/wp-content/plugins/woocommerce/assets/js/zoom/jquery.zoom.min96ff.js]
[ewebotwp.com/wp-content/plugins/woocommerce/assets/js/photoswipe/photoswipe.min2420.js]
[ewebotwp.com/wp-content/plugins/woocommerce/assets/js/photoswipe/photoswipe-ui-default.min2420.js]
[ewebotwp.com/wp-content/plugins/woocommerce/assets/js/frontend/single-product.min12c8.js]
[ewebotwp.com/wp-content/plugins/elementor/assets/js/webpack.runtime.minafc7.js]
[ewebotwp.com/wp-content/plugins/elementor/assets/js/frontend-modules.minafc7.js]
[ewebotwp.com/wp-content/plugins/elementor/assets/lib/waypoints/waypoints.min05da.js]
[ewebotwp.com/wp-content/plugins/elementor/assets/lib/swiper/swiper.min48f5.js]
[ewebotwp.com/wp-content/plugins/elementor/assets/lib/share-link/share-link.minafc7.js]
[ewebotwp.com/wp-content/plugins/elementor/assets/lib/dialog/dialog.mind227.js]
[ewebotwp.com/wp-content/plugins/elementor/assets/js/frontend.minafc7.js]
[ewebotwp.com/wp-content/plugins/elementor/assets/js/preloaded-modules.minafc7.js]
[ewebotwp.com/wp-content/plugins/gt3-themes-core/core/elementor/assets/js/core-frontend4c56.js]
[ewebotwp.com/home-agency/index.html]
[ewebotwp.com/wp-content/uploads/gt3-assets/js/footer-p_12642ebee.js]
[fonts.gstatic.com/index.html]
[ewebotwp.com/index4b5d.html]
[ewebotwp.com/wp-includes/js/jquery/jquery.min3088.js]
[ewebotwp.com/wp-content/plugins/woocommerce-ajax-filters/berocket/assets/css/font-awesome.min9b30.css]
[ewebotwp.com/wp-content/themes/ewebot-child/img/gt3_stats.png]
[ewebotwp.com/wp-content/plugins/woocommerce/assets/js/jquery-blockui/jquery.blockUI.minf111.js]
[ewebotwp.com/wp-includes/js/jquery/jquery-migrate.min5589.js]
[ewebotwp.com/wp-includes/js/underscore.mind584.js]
[ewebotwp.com/wp-content/plugins/woocommerce-ajax-filters/assets/frontend/css/images/ui-icons_444444_256x240.png]
[ewebotwp.com/wp-includes/js/wp-util.min9b30.js]
[ewebotwp.com/wp-includes/js/api-request.min9b30.js]
[ewebotwp.com/wp-content/plugins/woocommerce-ajax-filters/assets/frontend/css/images/ui-icons_555555_256x240.png]
[ewebotwp.com/wp-includes/js/dist/vendor/wp-polyfill-inert.min0226.js]
[ewebotwp.com/wp-includes/js/dist/vendor/wp-polyfill.min2c7c.js]
[ewebotwp.com/wp-includes/js/dist/vendor/regenerator-runtime.min8fa4.js]
[ewebotwp.com/wp-content/plugins/woocommerce-ajax-filters/assets/frontend/css/images/ui-icons_ffffff_256x240.png]
[ewebotwp.com/wp-includes/js/dist/hooks.min2ebd.js]
[ewebotwp.com/wp-includes/js/dist/i18n.minf92f.js]
[ewebotwp.com/wp-includes/js/dist/url.min3338.js]
[ewebotwp.com/wp-content/plugins/woocommerce-ajax-filters/assets/frontend/css/images/ui-icons_777620_256x240.png]
[ewebotwp.com/wp-includes/js/dist/api-fetch.min471f.js]
[ewebotwp.com/wp-content/themes/ewebot/woocommerce/js/easyzoom9b30.js]
[ewebotwp.com/wp-content/plugins/woo-variation-swatches/assets/js/frontend.min20d6.js]
[ewebotwp.com/wp-content/plugins/woocommerce-ajax-filters/assets/frontend/css/images/ui-icons_cc0000_256x240.png]
[ewebotwp.com/wp-content/plugins/elementor/assets/lib/font-awesome/js/v4-shims.minafc7.js]
[ewebotwp.com/wp-json/index.html]
[ewebotwp.com/wp-json/wp/v2/pages/12642.json]
[ewebotwp.com/wp-content/plugins/woocommerce-ajax-filters/assets/frontend/css/images/ui-icons_777777_256x240.png]
[ewebotwp.com/xmlrpc0db0.php]
[ewebotwp.com/wp-content/plugins/woocommerce-ajax-filters/assets/frontend/css/fullmain.mine440.css]
[ewebotwp.com/wp-content/plugins/woocommerce-ajax-filters/assets/frontend/css/mCSB_buttons.png]
[ewebotwp.com/wp-json/oembed/1.0/embed7a73.json]
[ewebotwp.com/wp-content/plugins/elementor/assets/css/frontend-legacy.minafc7.css]
[ewebotwp.com/wp-content/uploads/2022/09/favicon.png]
[ewebotwp.com/wp-content/plugins/elementor/assets/css/frontend.minafc7.css]
[ewebotwp.com/wp-content/uploads/2023/05/logo-agency.png]
[ewebotwp.com/wp-content/uploads/elementor/css/post-12649f93a.css]
[ewebotwp.com/wp-json/oembed/1.0/embed44d0]
[ewebotwp.com/wp-content/plugins/wpda-builder-pro/dist/css/frontend/mega-menu-frontendd538.css]
[ewebotwp.com/wp-content/uploads/2021/04/lifetime_icon.png]
[ewebotwp.com/wp-content/uploads/elementor/css/post-9684efcb.css]
[ewebotwp.com/wp-content/uploads/2021/04/elementor_icon.png]
[ewebotwp.com/wp-content/uploads/2021/04/wpdaddy_icon.png]
[ewebotwp.com/wp-content/uploads/2021/06/smart_import_icon.png]
[ewebotwp.com/wp-content/uploads/2021/06/woo_icon_shop.png]
[ewebotwp.com/wp-content/uploads/2021/10/mega_footer_bg.jpg]
[ewebotwp.com/wp-content/uploads/elementor/css/post-9676e37b.css]
[ewebotwp.com/wp-content/uploads/2021/10/mega-menu.png]
[ewebotwp.com/wp-content/uploads/elementor/css/post-12655e37b.css]
[ewebotwp.com/wp-content/uploads/2021/10/auto-update.png]
[ewebotwp.com/wp-content/uploads/2021/10/multilanguage.png]
[ewebotwp.com/wp-content/uploads/2021/10/theme-options.png]
[ewebotwp.com/wp-content/plugins/wpda-builder-pro/dist/img/wpdaicon.ddab37d5.svg]
[ewebotwp.com/wp-content/uploads/2021/10/responsive-retina.png]
[ewebotwp.com/wp-content/uploads/2021/10/optimization.png]
[ewebotwp.com/wp-content/uploads/2019/08/logo_retina.png]
[ewebotwp.com/wp-content/plugins/wpda-builder-pro/dist/img/close.2065683d.png]
[ewebotwp.com/wp-content/plugins/wpda-builder-pro/dist/css/frontend/frontendd538.css]
[ewebotwp.com/wp-content/uploads/2023/05/agency_elipse1.png]
[ewebotwp.com/wp-content/uploads/2023/05/agency-element.png]
[ewebotwp.com/wp-content/uploads/2023/05/agency_figure.png]
[ewebotwp.com/wp-content/uploads/2023/05/agency_img1.jpg]
[ewebotwp.com/wp-content/uploads/2023/05/agency_img2.jpg]
[ewebotwp.com/wp-content/themes/ewebot/dist/img/close_burger.545cc992.png]
[ewebotwp.com/wp-content/uploads/2023/05/agency-lamp.png]
[ewebotwp.com/wp-content/uploads/2023/05/agency-rocket.png]
[ewebotwp.com/wp-content/themes/ewebot/dist/img/gradient__video_icon.3d365e7b.svg]
[ewebotwp.com/wp-content/uploads/2023/05/agency_img3.jpg]
[ewebotwp.com/wp-content/uploads/gt3-assets/css/header-p_12642ebee.css]
[ewebotwp.com/wp-content/themes/ewebot/dist/img/quote.e726292b.png]
[ewebotwp.com/wp-content/uploads/2023/05/agency-icon1.png]
[ewebotwp.com/wp-content/uploads/2023/05/agency-icon1-hover.png]
[ewebotwp.com/wp-includes/css/dist/block-library/style.min9b30.css]
[ewebotwp.com/wp-content/uploads/2023/05/agency-icon2-hover.png]
[ewebotwp.com/wp-content/uploads/2023/05/agency-icon2.png]
[ewebotwp.com/wp-content/plugins/woocommerce/packages/woocommerce-blocks/build/wc-blocks-vendors-style71f0.css]
[ewebotwp.com/wp-content/uploads/2023/05/agency-icon3.png]
[ewebotwp.com/wp-content/plugins/woocommerce/packages/woocommerce-blocks/build/wc-all-blocks-style71f0.css]
[ewebotwp.com/wp-content/uploads/2023/05/agency-icon3-hover.png]
[ewebotwp.com/wp-content/uploads/2023/02/leads-network.png]
[ewebotwp.com/wp-content/uploads/2023/02/leads-product.png]
[ewebotwp.com/wp-content/plugins/yith-woocommerce-wishlist/assets/images/jquery.selectBox-arrow.gif]
[ewebotwp.com/wp-content/plugins/yith-woocommerce-wishlist/assets/css/jquery.selectBox7359.css]
[ewebotwp.com/wp-content/uploads/2023/02/leads-vertigo.png]
[ewebotwp.com/wp-content/uploads/2023/02/leads-proline.png]
[ewebotwp.com/wp-content/uploads/2023/02/leads-minty.png]
[ewebotwp.com/wp-content/uploads/2023/05/agency_portfolio2-800x605.jpg]
[ewebotwp.com/wp-content/uploads/2023/05/agency_portfolio1-800x605.jpg]
[ewebotwp.com/wp-content/uploads/2023/05/agency_portfolio3-800x605.jpg]
[ewebotwp.com/wp-content/uploads/2023/05/agency_ideas_bg.png]
[ewebotwp.com/wp-content/uploads/2023/05/agency_img4.jpg]
[ewebotwp.com/wp-content/uploads/2023/05/agancy-girl.png]
[ewebotwp.com/wp-content/uploads/2023/05/agency_img5.jpg]
[ewebotwp.com/wp-content/uploads/2023/05/agency_testimonials_arrow.png]
[ewebotwp.com/wp-content/uploads/2023/05/agency-fly.png]
[ewebotwp.com/wp-content/plugins/yith-woocommerce-wishlist/assets/css/font-awesome1849.css]
[ewebotwp.com/wp-content/plugins/yith-woocommerce-wishlist/assets/fonts/fontawesome-webfont3e6e.svg]
[ewebotwp.com/wp-content/uploads/2023/05/agency_fly_trajectory.png]
[ewebotwp.com/wp-content/uploads/2023/05/agency_elipse2.png]
[ewebotwp.com/wp-content/uploads/2023/05/logo-agency-footer.png]
[ewebotwp.com/wp-content/uploads/2023/05/agency-bubble.png]
[ewebotwp.com/wp-content/plugins/woocommerce/assets/fonts/star.svg]
[ewebotwp.com/wp-content/uploads/2023/05/agency-map.png]
[ewebotwp.com/wp-content/plugins/wpda-builder-pro/dist/js/frontend/mega-menu-frontendd538.js]
[ewebotwp.com/wp-content/plugins/wpda-builder-pro/dist/js/frontend/frontendd538.js]
[ewebotwp.com/wp-content/plugins/yith-woocommerce-wishlist/assets/js/jquery.selectBox.min7359.js]
[ewebotwp.com/wp-content/plugins/woocommerce/assets/fonts/WooCommerce.svg]
[ewebotwp.com/wp-content/plugins/contact-form-7/includes/swv/js/indexf658.js]
[ewebotwp.com/wp-content/plugins/woocommerce/assets/js/prettyPhoto/jquery.prettyPhoto.min005e.js]
[ewebotwp.com/wp-content/plugins/yith-woocommerce-wishlist/assets/js/jquery.yith-wcwl.min503b.js]
[ewebotwp.com/wp-content/plugins/woocommerce/assets/css/prettyPhoto005e.css]
[ewebotwp.com/wp-content/plugins/woocommerce/assets/images/icons/loader.svg]
[ewebotwp.com/wp-content/plugins/woocommerce/assets/js/frontend/add-to-cart.min12c8.js]
[ewebotwp.com/wp-content/plugins/woocommerce/assets/js/js-cookie/js.cookie.min956a.js]
[ewebotwp.com/wp-content/plugins/contact-form-7/includes/js/indexf658.js]
[ewebotwp.com/wp-content/plugins/woocommerce/assets/js/frontend/woocommerce.min12c8.js]
[ewebotwp.com/wp-content/plugins/yith-woocommerce-wishlist/assets/images/jquery.selectBox-arrow.png]
[ewebotwp.com/wp-content/plugins/yith-woocommerce-wishlist/assets/css/style503b.css]
[ewebotwp.com/wp-content/plugins/yith-woocommerce-quick-view/assets/js/frontend.min37d4.js]
[ewebotwp.com/wp-content/plugins/contact-form-7/includes/css/stylesf658.css]
[ewebotwp.com/wp-includes/js/imagesloaded.mineda1.js]
[ewebotwp.com/wp-content/plugins/woocommerce/assets/css/woocommerce-layout12c8.css]
[ewebotwp.com/wp-includes/js/jquery/ui/core.min3f14.js]
[ewebotwp.com/wp-content/plugins/woocommerce/assets/css/woocommerce-smallscreen12c8.css]
[ewebotwp.com/wp-includes/js/jquery/ui/tabs.min3f14.js]
[ewebotwp.com/wp-includes/js/comment-reply.min9b30.js]
[ewebotwp.com/wp-content/plugins/gt3-themes-core/core/elementor/assets/js/core-gridlist-woo4c56.js]
[ewebotwp.com/wp-content/plugins/mailchimp-for-wp/assets/js/formsd87f.js]
[ewebotwp.com/wp-content/plugins/woocommerce/assets/js/zoom/jquery.zoom.min96ff.js]
[ewebotwp.com/wp-content/plugins/woocommerce/assets/js/frontend/add-to-cart-variation.min12c8.js]
[ewebotwp.com/wp-content/plugins/woocommerce/assets/images/icons/credit-cards/visa.svg]
[ewebotwp.com/wp-content/plugins/woocommerce/assets/js/photoswipe/photoswipe.min2420.js]
[ewebotwp.com/wp-content/plugins/woocommerce/assets/js/frontend/single-product.min12c8.js]
[ewebotwp.com/wp-content/plugins/woocommerce/assets/js/photoswipe/photoswipe-ui-default.min2420.js]
[ewebotwp.com/wp-content/plugins/woocommerce/assets/images/icons/credit-cards/mastercard.svg]
[ewebotwp.com/wp-content/plugins/elementor/assets/js/webpack.runtime.minafc7.js]
[ewebotwp.com/wp-content/plugins/elementor/assets/lib/waypoints/waypoints.min05da.js]
[ewebotwp.com/wp-content/plugins/elementor/assets/js/frontend-modules.minafc7.js]
[ewebotwp.com/wp-content/plugins/woocommerce/assets/images/icons/credit-cards/laser.svg]
[ewebotwp.com/wp-content/plugins/elementor/assets/lib/share-link/share-link.minafc7.js]
[ewebotwp.com/wp-content/plugins/elementor/assets/lib/dialog/dialog.mind227.js]
[ewebotwp.com/wp-content/plugins/elementor/assets/lib/swiper/swiper.min48f5.js]
[ewebotwp.com/wp-content/plugins/woocommerce/assets/images/icons/credit-cards/diners.svg]
[ewebotwp.com/wp-content/plugins/gt3-themes-core/core/elementor/assets/js/core-frontend4c56.js]
[ewebotwp.com/wp-content/plugins/elementor/assets/js/frontend.minafc7.js]
[ewebotwp.com/wp-content/plugins/elementor/assets/js/preloaded-modules.minafc7.js]
[ewebotwp.com/wp-content/plugins/woocommerce/assets/images/icons/credit-cards/maestro.svg]
[ewebotwp.com/wp-content/plugins/woocommerce-ajax-filters/assets/frontend/css/images/ui-icons_444444_256x240.png]
[ewebotwp.com/wp-content/plugins/woocommerce-ajax-filters/assets/frontend/css/images/ui-icons_555555_256x240.png]
[ewebotwp.com/wp-content/plugins/woocommerce-ajax-filters/assets/frontend/css/images/ui-icons_ffffff_256x240.png]
[ewebotwp.com/wp-content/plugins/woocommerce-ajax-filters/assets/frontend/css/images/ui-icons_cc0000_256x240.png]
[ewebotwp.com/wp-content/plugins/woocommerce-ajax-filters/assets/frontend/css/images/ui-icons_777620_256x240.png]
[ewebotwp.com/wp-content/plugins/woocommerce/assets/images/icons/credit-cards/amex.svg]
[ewebotwp.com/wp-content/plugins/woocommerce-ajax-filters/assets/frontend/css/images/ui-icons_777777_256x240.png]
[ewebotwp.com/wp-content/plugins/woocommerce-ajax-filters/assets/frontend/css/mCSB_buttons.png]
[ewebotwp.com/wp-content/uploads/2021/10/mega_footer_bg.jpg]
[ewebotwp.com/wp-content/plugins/woocommerce/assets/css/woocommerce12c8.css]
[ewebotwp.com/wp-content/plugins/woocommerce/assets/images/icons/credit-cards/discover.svg]
[ewebotwp.com/wp-content/plugins/wpda-builder-pro/dist/img/close.2065683d.png]
[ewebotwp.com/wp-content/themes/ewebot/dist/img/close_burger.545cc992.png]
[ewebotwp.com/wp-content/themes/ewebot/dist/img/quote.e726292b.png]
[ewebotwp.com/wp-content/plugins/woo-variation-swatches/assets/css/frontend.min20d6.css]
[ewebotwp.com/wp-content/plugins/yith-woocommerce-quick-view/assets/css/yith-quick-view37d4.css]
[ewebotwp.com/wp-content/plugins/yith-woocommerce-wishlist/assets/images/jquery.selectBox-arrow.gif]
[ewebotwp.com/wp-content/plugins/yith-woocommerce-wishlist/assets/images/jquery.selectBox-arrow.png]
[ewebotwp.com/wp-content/themes/ewebot/dist/img/preloader.a5a12a79.gif]
[ewebotwp.com/wp-content/themes/ewebot/dist/css/woocommerce9b30.css]
[ewebotwp.com/wp-content/themes/ewebot/dist/img/zoom.850f6132.png]
[ewebotwp.com/wp-content/themes/ewebot/dist/img/product_icons.67aa90af.png]
[ewebotwp.com/wp-content/themes/ewebot/dist/img/remove_icon.35a856e6.png]
[ewebotwp.com/wp-content/themes/ewebot/dist/img/back2top.258830d3.png]
[ewebotwp.com/wp-content/themes/ewebot/dist/css/modern-shop9b30.css]
[ewebotwp.com/wp-content/themes/ewebot/dist/img/shop_cart_icon.b4f7ae9c.png]
[ewebotwp.com/wp-content/plugins/elementor/assets/lib/eicons/css/elementor-icons.min192d.css]
[ewebotwp.com/wp-content/plugins/elementor/assets/lib/swiper/css/swiper.min48f5.css]
[ewebotwp.com/wp-content/uploads/elementor/css/post-7849b.css]
[ewebotwp.com/wp-content/plugins/elementor/assets/lib/eicons/fonts/eicons9506.svg]
[ewebotwp.com/wp-content/plugins/elementor/assets/lib/font-awesome/webfonts/fa-brands-400.svg]
[ewebotwp.com/wp-content/plugins/elementor/assets/lib/font-awesome/webfonts/fa-regular-400.svg]
[ewebotwp.com/wp-content/plugins/elementor/assets/lib/font-awesome/css/all.minafc7.css]
[ewebotwp.com/wp-content/plugins/elementor/assets/lib/font-awesome/css/v4-shims.minafc7.css]
[ewebotwp.com/wp-content/plugins/elementor/assets/lib/font-awesome/webfonts/fa-solid-900.svg]
[ewebotwp.com/wp-content/uploads/2023/05/home_agency_bg1.jpg]
[ewebotwp.com/wp-content/uploads/2023/05/agency_bg2.jpg]
[ewebotwp.com/wp-content/uploads/2023/05/agency_testimonials_bg.jpg]
[ewebotwp.com/wp-content/uploads/elementor/css/post-12642e37b.css]
[ewebotwp.com/wp-content/themes/ewebot/dist/css/theme-font9b30.css]
[ewebotwp.com/wp-content/plugins/elementor/assets/lib/font-awesome/css/fontawesome.min52d5.css]
[ewebotwp.com/wp-content/plugins/elementor/assets/lib/font-awesome/css/brands.min52d5.css]
[ewebotwp.com/wp-content/uploads/2023/05/agency_bg3.jpg]
[ewebotwp.com/index4b5d.html]
[ewebotwp.com/wp-content/plugins/woocommerce/assets/css/photoswipe/photoswipe.min12c8.css]
[ewebotwp.com/wp-content/plugins/woocommerce/assets/css/photoswipe/default-skin/default-skin.png]
[ewebotwp.com/wp-content/plugins/woocommerce/assets/css/photoswipe/default-skin/default-skin.svg]
[ewebotwp.com/wp-content/plugins/woocommerce/assets/css/photoswipe/default-skin/default-skin.min12c8.css]
[ewebotwp.com/wp-content/plugins/elementor/assets/lib/animations/animations.minafc7.css]
[ewebotwp.com/wp-content/uploads/gt3-assets/css/footer-p_12642ebee.css]
[ewebotwp.com/wp-content/plugins/wpda-builder-pro/dist/img/wpdaicon.ddab37d5.svg]
[ewebotwp.com/wp-content/themes/ewebot/dist/img/gradient__video_icon.3d365e7b.svg]
[ewebotwp.com/wp-content/plugins/yith-woocommerce-wishlist/assets/fonts/fontawesome-webfont3e6e.svg]
[ewebotwp.com/wp-content/plugins/woocommerce/assets/fonts/star.svg]
[ewebotwp.com/wp-content/plugins/woocommerce/assets/fonts/WooCommerce.svg]
[ewebotwp.com/wp-content/plugins/woocommerce/assets/images/icons/loader.svg]
[ewebotwp.com/wp-content/plugins/woocommerce/assets/images/icons/credit-cards/visa.svg]
[ewebotwp.com/wp-content/plugins/woocommerce/assets/images/icons/credit-cards/mastercard.svg]
[ewebotwp.com/wp-content/plugins/woocommerce/assets/images/icons/credit-cards/laser.svg]
[ewebotwp.com/wp-content/plugins/woocommerce/assets/images/icons/credit-cards/diners.svg]
[ewebotwp.com/wp-content/plugins/woocommerce/assets/images/icons/credit-cards/maestro.svg]
[ewebotwp.com/wp-content/plugins/woocommerce/assets/images/icons/credit-cards/amex.svg]
[ewebotwp.com/wp-content/plugins/woocommerce/assets/images/icons/credit-cards/discover.svg]
[ewebotwp.com/wp-content/plugins/elementor/assets/lib/eicons/fonts/eicons9506.svg]
[ewebotwp.com/wp-content/plugins/elementor/assets/lib/font-awesome/webfonts/fa-brands-400.svg]
[ewebotwp.com/wp-content/plugins/elementor/assets/lib/font-awesome/webfonts/fa-regular-400.svg]
[ewebotwp.com/wp-content/plugins/elementor/assets/lib/font-awesome/webfonts/fa-solid-900.svg]
[ewebotwp.com/wp-content/plugins/woocommerce/assets/css/photoswipe/default-skin/default-skin.svg]
[ewebotwp.com/wp-content/plugins/woocommerce/assets/css/photoswipe/default-skin/preloader.gif]
[ewebotwp.com/wp-content/plugins/woocommerce/assets/images/icons/credit-cards/jcb.svg]
[ewebotwp.com/wp-content/plugins/woocommerce/assets/images/icons/credit-cards/jcb.svg]
